[backblue.gif]
[fade.gif]
[index.html]
[www.insuranceonline.com/Content/assets/images/favicon5e1f.png]
[www.insuranceonline.com/Content/assets/css/app1bce.css]
[www.insuranceonline.com/Content/assets/images/logo.svg]
[www.insuranceonline.com/Content/assets/images/single_phone.png]
[www.insuranceonline.com/Content/assets/images/phone-display-statefarm.jpg]
[www.insuranceonline.com/Content/assets/images/phone-display-nationwide.png]
[www.insuranceonline.com/Content/assets/images/phone-display-farmers.jpg]
[www.insuranceonline.com/Content/assets/images/phone-display-hartford.jpg]
[www.insuranceonline.com/Content/assets/images/phone-display-safeco.jpg]
[www.insuranceonline.com/Content/assets/images/phone-display-travelers.jpg]
[www.insuranceonline.com/Content/assets/images/phone-display-mercury.jpg]
[www.insuranceonline.com/Content/assets/images/phone-display-allstate.png]
[www.insuranceonline.com/Content/assets/images/phone-display-pic.png]
[www.insuranceonline.com/Content/assets/images/home-compare.jpg]
[www.insuranceonline.com/Content/assets/images/home-compare-new.jpg]
[www.insuranceonline.com/Content/assets/images/icon-247.png]
[www.insuranceonline.com/Content/assets/images/face-1.png]
[www.insuranceonline.com/Content/assets/images/face-2.png]
[www.insuranceonline.com/Content/assets/images/face-3.png]
[www.insuranceonline.com/Content/assets/images/footer-guy-new.png]
[www.insuranceonline.com/Content/assets/images/footer-bbb.png]
[www.insuranceonline.com/Content/assets/images/back-to-top.png]
[staticw2.yotpo.com/jnPwW3wuAlUwKutcHLEV4STjoN9tFTwRGZjmpLWb/widget.js]
[www.insuranceonline.com/Content/assets/js/vendor.js]
[www.insuranceonline.com/index.html]
[www.insuranceonline.com/Content/assets/js/app1bce.js]
[www.insuranceonline.com/Content/assets/fonts/fontawesome-webfont3e6e.eot]
[www.insuranceonline.com/Content/assets/fonts/fontawesome-webfontd41d.eot]
[www.insuranceonline.com/Content/assets/fonts/fontawesome-webfont3e6e.woff2]
[www.insuranceonline.com/Content/assets/fonts/fontawesome-webfont3e6e.woff]
[www.insuranceonline.com/Content/assets/fonts/fontawesome-webfont3e6e.ttf]
[www.insuranceonline.com/Content/assets/fonts/fontawesome-webfont3e6e.svg]
[www.insuranceonline.com/Content/assets/fonts/ElegantIcons.eot]
[www.insuranceonline.com/Content/assets/fonts/ElegantIconsd41d.eot]
[www.insuranceonline.com/Content/assets/fonts/ElegantIcons.woff]
[www.insuranceonline.com/Content/assets/fonts/ElegantIcons.ttf]
[www.insuranceonline.com/Content/assets/fonts/ElegantIcons.svg]
[www.insuranceonline.com/Content/assets/fonts/ionicons28b5.eot]
[www.insuranceonline.com/Content/assets/fonts/ionicons28b5.ttf]
[www.insuranceonline.com/Content/assets/fonts/ionicons28b5.woff]
[www.insuranceonline.com/Content/assets/fonts/ionicons28b5.svg]
[www.insuranceonline.com/Content/assets/images/buddy-expert-phone.png]
[www.insuranceonline.com/Content/assets/images/mobile_gut_5.png]
[www.insuranceonline.com/Content/assets/images/home-main-bg.png]
[www.insuranceonline.com/Content/assets/images/home-guy.png]
[www.insuranceonline.com/Content/assets/images/phone_icons_status.png]
[www.insuranceonline.com/Content/assets/images/reviews-bg.jpg]
[www.insuranceonline.com/Content/assets/images/iphone.png]
[www.insuranceonline.com/Content/assets/images/domestic-partnership-icon-hover.svg]
[www.insuranceonline.com/Content/assets/images/icon-accident-hover.svg]
[www.insuranceonline.com/Content/assets/images/domestic-partnership-icon.svg]
[www.insuranceonline.com/Content/assets/images/icon-accident.svg]
[www.insuranceonline.com/Content/assets/images/home-property-sprite.png]
[www.insuranceonline.com/Content/assets/images/discounts-sprite.png]
[www.insuranceonline.com/Content/assets/images/business-icons.png]
[www.insuranceonline.com/Content/assets/images/coverage-escrow.png]
[www.insuranceonline.com/Content/assets/images/footer-bg.jpg]
[www.insuranceonline.com/Content/assets/images/preloader-guy.png]
[www.insuranceonline.com/Content/assets/css/app1bce.css]
[www.googletagmanager.com/gtm5445.html]
[www.insuranceonline.com/Start/Auto.html]
[www.insuranceonline.com/Start/Home.html]
[www.insuranceonline.com/Start/Business.html]
[www.insuranceonline.com/Content/assets/images/about-california.jpg]
[www.insuranceonline.com/Content/assets/images/about-who.jpg]
[www.insuranceonline.com/Content/assets/images/image_about_1.jpg]
[www.insuranceonline.com/Content/assets/images/about-culture.jpg]
[www.insuranceonline.com/Content/assets/images/about-bottom-banner.jpg]
[www.insuranceonline.com/about-us.html]
[www.insuranceonline.com/Content/assets/images/contact-image.jpg]
[www.insuranceonline.com/Content/assets/images/contact-map.jpg]
[www.insuranceonline.com/contact-us.html]
[www.insuranceonline.com/terms-of-use.html]
[www.insuranceonline.com/privacy-policy.html]
[www.insuranceonline.com/Content/assets/images/logo.svg]
[www.insuranceonline.com/Content/assets/images/bbb_logo.png]
[www.insuranceonline.com/reviews.html]
[www.insuranceonline.com/Content/assets/fonts/fontawesome-webfont3e6e.svg]
[www.insuranceonline.com/Content/assets/fonts/ElegantIcons.svg]
[staticw2.yotpo.com/jnPwW3wuAlUwKutcHLEV4STjoN9tFTwRGZjmpLWb/widget.css]
[www.insuranceonline.com/Content/assets/fonts/ionicons28b5.svg]
[www.insuranceonline.com/Content/assets/images/icon-combine-home-auto-hover.svg]
[www.insuranceonline.com/Content/assets/images/icon-military-discount-hover.svg]
[www.insuranceonline.com/Content/assets/images/icon-combine-home-auto.svg]
[www.insuranceonline.com/Content/assets/images/icon-military-discount.svg]
[www.insuranceonline.com/Content/assets/images/commute-hover.svg]
[www.insuranceonline.com/Content/assets/images/pleasure-hover.svg]
[www.insuranceonline.com/Content/assets/images/errands-hover.svg]
[www.insuranceonline.com/Content/assets/images/uber-lyft-hover.svg]
[www.insuranceonline.com/Content/assets/images/married-icon-hover.svg]
[www.insuranceonline.com/Content/assets/images/single-icon-hover.svg]
[www.insuranceonline.com/Content/assets/images/widowed-icon-hover.svg]
[www.insuranceonline.com/Content/assets/images/divorced-icon-hover.svg]
[www.insuranceonline.com/Content/assets/images/domestic-partnership-icon-hover.svg]
[www.insuranceonline.com/Content/assets/images/active-icon-hover.svg]
[www.insuranceonline.com/Content/assets/images/permit-icon-hover.svg]
[www.insuranceonline.com/Content/assets/images/suspended-icon-hover.svg]
[www.insuranceonline.com/Content/assets/images/foreign-icon-hover.svg]
[www.insuranceonline.com/Content/assets/images/expired-icon-hover.svg]
[www.insuranceonline.com/Content/assets/images/icon-accident-hover.svg]
[www.insuranceonline.com/Content/assets/images/icon-ticket-hover.svg]
[www.insuranceonline.com/Content/assets/images/icon-dui-hover.svg]
[www.insuranceonline.com/Content/assets/images/icon-suspension-hover.svg]
[www.insuranceonline.com/Content/assets/images/icon-other-hover.svg]
[www.insuranceonline.com/Content/assets/images/icon-full-coverage-hover.svg]
[www.insuranceonline.com/Content/assets/images/icon-liability-only-hover.svg]
[www.insuranceonline.com/Content/assets/images/commute.svg]
[www.insuranceonline.com/Content/assets/images/pleasure.svg]
[www.insuranceonline.com/Content/assets/images/errands.svg]
[www.insuranceonline.com/Content/assets/images/uber-lyft.svg]
[www.insuranceonline.com/Content/assets/images/married-icon.svg]
[www.insuranceonline.com/Content/assets/images/single-icon.svg]
[www.insuranceonline.com/Content/assets/images/widowed-icon.svg]
[www.insuranceonline.com/Content/assets/images/divorced-icon.svg]
[www.insuranceonline.com/Content/assets/images/domestic-partnership-icon.svg]
[www.insuranceonline.com/Content/assets/images/active-icon.svg]
[www.insuranceonline.com/Content/assets/images/permit-icon.svg]
[www.insuranceonline.com/Content/assets/images/suspended-icon.svg]
[www.insuranceonline.com/Content/assets/images/foreign-icon.svg]
[www.insuranceonline.com/Content/assets/images/expired-icon.svg]
[www.insuranceonline.com/Content/assets/images/icon-accident.svg]
[www.insuranceonline.com/Content/assets/images/icon-ticket.svg]
[www.insuranceonline.com/Content/assets/images/icon-dui.svg]
[www.insuranceonline.com/Content/assets/images/icon-suspension.svg]
[www.insuranceonline.com/Content/assets/images/icon-other.svg]
[www.insuranceonline.com/Content/assets/images/icon-full-coverage.svg]
[www.insuranceonline.com/Content/assets/images/icon-liability-only.svg]
[staticw2.yotpo.com/assets/tab_left.jpg]
[staticw2.yotpo.com/assets/tab_right.jpg]
[staticw2.yotpo.com/assets/insta_placeholder.png]
[staticw2.yotpo.com/jnPwW3wuAlUwKutcHLEV4STjoN9tFTwRGZjmpLWb/widget.css]
